// Jest Snapshot v1, https://goo.gl/fbAQLP

exports[`Followers snapshot renders correctly 1`] = `
<View
  style={
    Array [
      Object {
        "backgroundColor": "#ffffff",
        "borderColor": "#bbb",
        "borderTopWidth": 1,
        "marginTop": 20,
      },
      undefined,
    ]
  }
/>
`;

exports[`Following snapshot renders correctly 1`] = `
<View
  style={
    Array [
      Object {
        "backgroundColor": "#ffffff",
        "borderColor": "#bbb",
        "borderTopWidth": 1,
        "marginTop": 20,
      },
      undefined,
    ]
  }
/>
`;
